EnergyPlus Starting
EnergyPlus, Version 24.1.0-9d7789a3ac, YMD=2026.09.09 23:38
Adjusting Air System Sizing
Adjusting Standard 62.1 Ventilation Sizing
Initializing Simulation
Reporting Surfaces
Beginning Primary Simulation
Initializing New Environment Parameters
Warming up {1}
Warming up {2}
Warming up {3}
Warming up {4}
Warming up {5}
Warming up {6}
Warming up {7}
Starting Simulation at 01/01/2013 for ANNUALSIMULATION
Writing tabular output file results using HTML format.
 ReadVarsESO program starting.
 ReadVars Run Time=00hr 00min  0.02sec
 ReadVarsESO program completed successfully.
 ReadVarsESO program starting.
 Requested ESO file=C:\CODINGG\HACKATHON\SIH 2026\storage\simulations\sim_shelter_case_4_20260909_180833_14020c\eplusout.mtr
 does not exist.  ReadVarsESO program terminated.
 ReadVarsESO program terminated.
EnergyPlus Run Time=00hr 00min  0.36sec
