Program Version,EnergyPlus, Version 24.1.0-9d7789a3ac, YMD=2026.09.09 23:38,
   ** Warning ** Weather file location will be used rather than entered (IDF) Location object.
   **   ~~~   ** ..Location object=LADAKH
   **   ~~~   ** ..Weather File Location=Denver Centennial  Golden   Nr CO USA TMY3 WMO#=724666
   **   ~~~   ** ..due to location differences, Latitude difference=[5.59] degrees, Longitude difference=[182.76] degrees.
   **   ~~~   ** ..Time Zone difference=[12.5] hour(s), Elevation difference=[47.74] percent, [1671.00] meters.
   ** Warning ** GetHTSurfaceData: Surfaces with interface to Ground found but no "Ground Temperatures" were input.
   **   ~~~   ** Found first in surface=FLOORSURFACE
   **   ~~~   ** Defaults, constant throughout the year of (18.0) will be used.
   ** Warning ** GetSimpleAirModelInputs: ZoneInfiltration:DesignFlowRate="MAINZONE_INFILTRATION", Design Flow Rate Calculation Method specifies Air Changes per Hour, but that field is blank.  0 Infiltration will result.
   ************* Testing Individual Branch Integrity
   ************* All Branches passed integrity testing
   ************* Testing Individual Supply Air Path Integrity
   ************* All Supply Air Paths passed integrity testing
   ************* Testing Individual Return Air Path Integrity
   ************* All Return Air Paths passed integrity testing
   ************* No node connection errors were found.
   ************* Beginning Simulation
   ************* Simulation Error Summary *************
   ************* EnergyPlus Warmup Error Summary. During Warmup: 0 Warning; 0 Severe Errors.
   ************* EnergyPlus Sizing Error Summary. During Sizing: 0 Warning; 0 Severe Errors.
   ************* EnergyPlus Completed Successfully-- 3 Warning; 0 Severe Errors; Elapsed Time=00hr 00min  0.32sec
